2026-06-20 00:03:08+0800  [health_notify]  begin
2026-06-20 00:13:05+0800  [health_notify]  begin
2026-06-20 00:13:39+0800  [health_notify]  begin
2026-06-20 00:14:20+0800  [health_notify]  begin
2026-06-20 00:15:43+0800  [health_notify]  begin
2026-06-20 00:16:14+0800  [health_notify]  begin
2026-06-20 00:16:15+0800  [health_notify]  begin
2026-06-20 00:18:40+0800  [health_notify]  begin
2026-06-20 00:18:42+0800  [health_notify]  WARN exit 1
2026-06-20 00:19:44+0800  [health_notify]  begin
2026-06-20 00:20:15+0800  [health_notify]  WARN exit 1
2026-06-20 00:21:59+0800  [health_notify]  begin
2026-06-20 00:22:00+0800  [health_notify]  WARN exit 1
2026-06-20 00:26:41+0800  [health_notify]  begin
2026-06-20 00:26:42+0800  [health_notify]  WARN exit 1
2026-06-20 00:26:42+0800  [health_notify]  begin
2026-06-20 00:27:12+0800  [health_notify]  WARN exit 1
2026-06-20 00:31:04+0800  [health_notify]  begin
2026-06-20 00:31:35+0800  [health_notify]  ok (raw=0)
2026-06-20 00:32:24+0800  [health_notify]  begin
2026-06-20 00:32:25+0800  [health_notify]  ok (raw=0)
2026-06-20 00:32:25+0800  [health_notify]  begin
2026-06-20 00:32:56+0800  [health_notify]  ok (raw=0)
2026-06-20 00:32:56+0800  [health_notify]  begin
2026-06-20 00:33:26+0800  [health_notify]  ok (raw=0)
2026-06-20 00:40:07+0800  [health_notify]  begin
2026-06-20 00:40:38+0800  [health_notify]  ok (raw=0)
2026-06-20 06:28:55+0800  [health_notify]  begin
usage: send_telegram.py [-h] {send,health-report} ...
send_telegram.py: error: argument command: invalid choice: '/home/shalu/buffett-monitor/scripts/send_telegram.py' (choose from 'send', 'health-report')
2026-06-20 06:28:55+0800  [health_notify]  skipped
2026-06-20 10:06:36+0800  [health_notify]  begin
usage: send_telegram.py [-h] {send,health-report} ...
send_telegram.py: error: argument command: invalid choice: '/home/shalu/buffett-monitor/scripts/send_telegram.py' (choose from 'send', 'health-report')
2026-06-20 10:06:36+0800  [health_notify]  skipped
2026-06-20 10:11:45+0800  [health_notify]  begin
usage: send_telegram.py [-h] {send,health-report} ...
send_telegram.py: error: argument command: invalid choice: '/home/shalu/buffett-monitor/scripts/send_telegram.py' (choose from 'send', 'health-report')
2026-06-20 10:11:45+0800  [health_notify]  skipped
2026-06-20 23:45:01+0800  [health_notify]  begin
usage: send_telegram.py [-h] {send,health-report} ...
send_telegram.py: error: argument command: invalid choice: '/home/shalu/buffett-monitor/scripts/send_telegram.py' (choose from 'send', 'health-report')
2026-06-20 23:45:01+0800  [health_notify]  skipped
2026-06-21 23:45:01+0800  [health_notify]  begin
usage: send_telegram.py [-h] {send,health-report} ...
send_telegram.py: error: argument command: invalid choice: '/home/shalu/buffett-monitor/scripts/send_telegram.py' (choose from 'send', 'health-report')
2026-06-21 23:45:01+0800  [health_notify]  skipped
2026-06-22 23:45:01+0800  [health_notify]  begin
usage: send_telegram.py [-h] {send,health-report} ...
send_telegram.py: error: argument command: invalid choice: '/home/shalu/buffett-monitor/scripts/send_telegram.py' (choose from 'send', 'health-report')
2026-06-22 23:45:01+0800  [health_notify]  skipped
2026-06-23 23:45:01+0800  [health_notify]  begin
usage: send_telegram.py [-h] {send,health-report} ...
send_telegram.py: error: argument command: invalid choice: '/home/shalu/buffett-monitor/scripts/send_telegram.py' (choose from 'send', 'health-report')
2026-06-23 23:45:01+0800  [health_notify]  skipped
2026-06-24 23:45:01+0800  [health_notify]  begin
usage: send_telegram.py [-h] {send,health-report} ...
send_telegram.py: error: argument command: invalid choice: '/home/shalu/buffett-monitor/scripts/send_telegram.py' (choose from 'send', 'health-report')
2026-06-24 23:45:01+0800  [health_notify]  skipped
2026-06-25 23:45:01+0800  [health_notify]  begin
usage: send_telegram.py [-h] {send,health-report} ...
send_telegram.py: error: argument command: invalid choice: '/home/shalu/buffett-monitor/scripts/send_telegram.py' (choose from 'send', 'health-report')
2026-06-25 23:45:01+0800  [health_notify]  skipped
2026-06-26 23:45:01+0800  [health_notify]  begin
usage: send_telegram.py [-h] {send,health-report} ...
send_telegram.py: error: argument command: invalid choice: '/home/shalu/buffett-monitor/scripts/send_telegram.py' (choose from 'send', 'health-report')
2026-06-26 23:45:02+0800  [health_notify]  skipped
2026-06-29 23:45:01+0800  [health_notify]  begin
usage: send_telegram.py [-h] {send,health-report} ...
send_telegram.py: error: argument command: invalid choice: '/home/shalu/buffett-monitor/scripts/send_telegram.py' (choose from 'send', 'health-report')
2026-06-29 23:45:01+0800  [health_notify]  skipped
2026-06-30 23:45:01+0800  [health_notify]  begin
2026-06-30 23:45:32+0800  [health_notify]  ok (raw=0)
2026-07-01 23:45:01+0800  [health_notify]  begin
2026-07-01 23:45:32+0800  [health_notify]  ok (raw=0)
2026-07-02 23:45:01+0800  [health_notify]  begin
2026-07-02 23:45:32+0800  [health_notify]  ok (raw=0)
2026-07-03 23:45:01+0800  [health_notify]  begin
send failed: <urlopen error [Errno 101] Network is unreachable>
2026-07-03 23:45:22+0800  [health_notify]  skipped
2026-07-04 23:45:01+0800  [health_notify]  begin
send failed: <urlopen error [Errno -3] Temporary failure in name resolution>
2026-07-04 23:45:14+0800  [health_notify]  skipped
2026-07-05 23:45:01+0800  [health_notify]  begin
send failed: <urlopen error [Errno 101] Network is unreachable>
2026-07-05 23:45:32+0800  [health_notify]  skipped
2026-07-06 23:45:01+0800  [health_notify]  begin
send failed: <urlopen error [Errno 101] Network is unreachable>
2026-07-06 23:45:02+0800  [health_notify]  skipped
2026-07-07 23:45:01+0800  [health_notify]  begin
2026-07-07 23:45:32+0800  [health_notify]  ok (raw=0)
2026-07-08 23:45:01+0800  [health_notify]  begin
2026-07-08 23:45:32+0800  [health_notify]  ok (raw=0)
2026-07-09 23:45:01+0800  [health_notify]  begin
2026-07-09 23:45:32+0800  [health_notify]  ok (raw=0)
2026-07-10 23:45:01+0800  [health_notify]  begin
2026-07-10 23:45:32+0800  [health_notify]  ok (raw=0)
2026-07-13 23:45:01+0800  [health_notify]  begin
2026-07-13 23:45:32+0800  [health_notify]  ok (raw=0)
2026-07-14 23:45:01+0800  [health_notify]  begin
2026-07-14 23:45:32+0800  [health_notify]  ok (raw=0)
2026-07-15 23:45:01+0800  [health_notify]  begin
2026-07-15 23:45:31+0800  [health_notify]  ok (raw=0)
2026-07-16 23:45:01+0800  [health_notify]  begin
2026-07-16 23:45:02+0800  [health_notify]  ok (raw=0)
2026-07-17 23:45:01+0800  [health_notify]  begin
2026-07-17 23:45:32+0800  [health_notify]  ok (raw=0)
2026-07-18 23:45:01+0800  [health_notify]  begin
2026-07-18 23:45:32+0800  [health_notify]  ok (raw=0)
2026-07-20 23:45:01+0800  [health_notify]  begin
2026-07-20 23:45:32+0800  [health_notify]  ok (raw=0)
2026-07-21 23:45:01+0800  [health_notify]  begin
2026-07-21 23:45:32+0800  [health_notify]  ok (raw=0)
2026-07-22 23:45:01+0800  [health_notify]  begin
2026-07-22 23:45:33+0800  [health_notify]  ok (raw=0)
2026-07-23 23:45:01+0800  [health_notify]  begin
2026-07-23 23:45:32+0800  [health_notify]  ok (raw=0)
2026-07-24 23:45:01+0800  [health_notify]  begin
2026-07-24 23:45:02+0800  [health_notify]  ok (raw=0)
