$ABCL: possibly delisted; no price data found  (1d 2026-05-07 09:00:03.710455 -> 2026-07-06 09:00:03.710455)

1 Failed download:
['ABCL']: possibly delisted; no price data found  (1d 2026-05-07 09:00:03.710455 -> 2026-07-06 09:00:03.710455)
No price data for ABCL (tried ABCL)
$AACB: possibly delisted; no price data found  (1d 2026-05-07 09:00:03.710455 -> 2026-07-06 09:00:03.710455)

1 Failed download:
['AACB']: possibly delisted; no price data found  (1d 2026-05-07 09:00:03.710455 -> 2026-07-06 09:00:03.710455)
No price data for AACB (tried AACB)
$AACBR: possibly delisted; no price data found  (1d 2026-05-07 09:00:03.710455 -> 2026-07-06 09:00:03.710455)

1 Failed download:
['AACBR']: possibly delisted; no price data found  (1d 2026-05-07 09:00:03.710455 -> 2026-07-06 09:00:03.710455)
No price data for AACBR (tried AACBR)
$AACBU: possibly delisted; no price data found  (1d 2026-05-07 09:00:03.710455 -> 2026-07-06 09:00:03.710455)

1 Failed download:
['AACBU']: possibly delisted; no price data found  (1d 2026-05-07 09:00:03.710455 -> 2026-07-06 09:00:03.710455)
No price data for AACBU (tried AACBU)
$AACG: possibly delisted; no price data found  (1d 2026-05-07 09:00:03.710455 -> 2026-07-06 09:00:03.710455)

1 Failed download:
['AACG']: possibly delisted; no price data found  (1d 2026-05-07 09:00:03.710455 -> 2026-07-06 09:00:03.710455)
No price data for AACG (tried AACG)
$AACI: possibly delisted; no price data found  (1d 2026-05-07 09:00:03.710455 -> 2026-07-06 09:00:03.710455)

1 Failed download:
['AACI']: possibly delisted; no price data found  (1d 2026-05-07 09:00:03.710455 -> 2026-07-06 09:00:03.710455)
No price data for AACI (tried AACI)
$AACIU: possibly delisted; no price data found  (1d 2026-05-07 09:00:03.710455 -> 2026-07-06 09:00:03.710455)

1 Failed download:
['AACIU']: possibly delisted; no price data found  (1d 2026-05-07 09:00:03.710455 -> 2026-07-06 09:00:03.710455)
No price data for AACIU (tried AACIU)
$AACIW: possibly delisted; no price data found  (1d 2026-05-07 09:00:03.710455 -> 2026-07-06 09:00:03.710455)

1 Failed download:
['AACIW']: possibly delisted; no price data found  (1d 2026-05-07 09:00:03.710455 -> 2026-07-06 09:00:03.710455)
No price data for AACIW (tried AACIW)
$AACO: possibly delisted; no price data found  (1d 2026-05-07 09:00:03.710455 -> 2026-07-06 09:00:03.710455)

1 Failed download:
['AACO']: possibly delisted; no price data found  (1d 2026-05-07 09:00:03.710455 -> 2026-07-06 09:00:03.710455)
No price data for AACO (tried AACO)
$AACOU: possibly delisted; no price data found  (1d 2026-05-07 09:00:03.710455 -> 2026-07-06 09:00:03.710455)

1 Failed download:
['AACOU']: possibly delisted; no price data found  (1d 2026-05-07 09:00:03.710455 -> 2026-07-06 09:00:03.710455)
No price data for AACOU (tried AACOU)
$AACOW: possibly delisted; no price data found  (1d 2026-05-07 09:00:03.710455 -> 2026-07-06 09:00:03.710455)

1 Failed download:
['AACOW']: possibly delisted; no price data found  (1d 2026-05-07 09:00:03.710455 -> 2026-07-06 09:00:03.710455)
No price data for AACOW (tried AACOW)
$AACPU: possibly delisted; no price data found  (1d 2026-05-07 09:00:03.710455 -> 2026-07-06 09:00:03.710455)

1 Failed download:
['AACPU']: possibly delisted; no price data found  (1d 2026-05-07 09:00:03.710455 -> 2026-07-06 09:00:03.710455)
No price data for AACPU (tried AACPU)
$AADR: possibly delisted; no price data found  (1d 2026-05-07 09:00:03.710455 -> 2026-07-06 09:00:03.710455)

1 Failed download:
['AADR']: possibly delisted; no price data found  (1d 2026-05-07 09:00:03.710455 -> 2026-07-06 09:00:03.710455)
No price data for AADR (tried AADR)
$AAEQ: possibly delisted; no price data found  (1d 2026-05-07 09:00:03.710455 -> 2026-07-06 09:00:03.710455)

1 Failed download:
['AAEQ']: possibly delisted; no price data found  (1d 2026-05-07 09:00:03.710455 -> 2026-07-06 09:00:03.710455)
No price data for AAEQ (tried AAEQ)
$AAL: possibly delisted; no price data found  (1d 2026-05-07 09:00:03.710455 -> 2026-07-06 09:00:03.710455)

1 Failed download:
['AAL']: possibly delisted; no price data found  (1d 2026-05-07 09:00:03.710455 -> 2026-07-06 09:00:03.710455)
No price data for AAL (tried AAL)
$AALG: possibly delisted; no price data found  (1d 2026-05-07 09:00:03.710455 -> 2026-07-06 09:00:03.710455)

1 Failed download:
['AALG']: possibly delisted; no price data found  (1d 2026-05-07 09:00:03.710455 -> 2026-07-06 09:00:03.710455)
No price data for AALG (tried AALG)
$AAME: possibly delisted; no price data found  (1d 2026-05-07 09:00:03.710455 -> 2026-07-06 09:00:03.710455)

1 Failed download:
['AAME']: possibly delisted; no price data found  (1d 2026-05-07 09:00:03.710455 -> 2026-07-06 09:00:03.710455)
No price data for AAME (tried AAME)
$AAOI: possibly delisted; no price data found  (1d 2026-05-07 09:00:03.710455 -> 2026-07-06 09:00:03.710455)

1 Failed download:
['AAOI']: possibly delisted; no price data found  (1d 2026-05-07 09:00:03.710455 -> 2026-07-06 09:00:03.710455)
No price data for AAOI (tried AAOI)
$AAON: possibly delisted; no price data found  (1d 2026-05-07 09:00:03.710455 -> 2026-07-06 09:00:03.710455)

1 Failed download:
['AAON']: possibly delisted; no price data found  (1d 2026-05-07 09:00:03.710455 -> 2026-07-06 09:00:03.710455)
No price data for AAON (tried AAON)
$AAPB: possibly delisted; no price data found  (1d 2026-05-07 09:00:03.710455 -> 2026-07-06 09:00:03.710455)

1 Failed download:
['AAPB']: possibly delisted; no price data found  (1d 2026-05-07 09:00:03.710455 -> 2026-07-06 09:00:03.710455)
No price data for AAPB (tried AAPB)
$AAPD: possibly delisted; no price data found  (1d 2026-05-07 09:00:03.710455 -> 2026-07-06 09:00:03.710455)

1 Failed download:
['AAPD']: possibly delisted; no price data found  (1d 2026-05-07 09:00:03.710455 -> 2026-07-06 09:00:03.710455)
No price data for AAPD (tried AAPD)
$AAPG: possibly delisted; no price data found  (1d 2026-05-07 09:00:03.710455 -> 2026-07-06 09:00:03.710455)

1 Failed download:
['AAPG']: possibly delisted; no price data found  (1d 2026-05-07 09:00:03.710455 -> 2026-07-06 09:00:03.710455)
No price data for AAPG (tried AAPG)
$AAPL: possibly delisted; no price data found  (1d 2026-05-07 09:00:03.710455 -> 2026-07-06 09:00:03.710455)

1 Failed download:
['AAPL']: possibly delisted; no price data found  (1d 2026-05-07 09:00:03.710455 -> 2026-07-06 09:00:03.710455)
No price data for AAPL (tried AAPL)
$AAPU: possibly delisted; no price data found  (1d 2026-05-07 09:00:03.710455 -> 2026-07-06 09:00:03.710455)

1 Failed download:
['AAPU']: possibly delisted; no price data found  (1d 2026-05-07 09:00:03.710455 -> 2026-07-06 09:00:03.710455)
No price data for AAPU (tried AAPU)
$AARD: possibly delisted; no price data found  (1d 2026-05-07 09:00:03.710455 -> 2026-07-06 09:00:03.710455)

1 Failed download:
['AARD']: possibly delisted; no price data found  (1d 2026-05-07 09:00:03.710455 -> 2026-07-06 09:00:03.710455)
No price data for AARD (tried AARD)
$AAUS: possibly delisted; no price data found  (1d 2026-05-07 09:00:03.710455 -> 2026-07-06 09:00:03.710455)

1 Failed download:
['AAUS']: possibly delisted; no price data found  (1d 2026-05-07 09:00:03.710455 -> 2026-07-06 09:00:03.710455)
No price data for AAUS (tried AAUS)
$AAVM: possibly delisted; no price data found  (1d 2026-05-07 09:00:03.710455 -> 2026-07-06 09:00:03.710455)

1 Failed download:
['AAVM']: possibly delisted; no price data found  (1d 2026-05-07 09:00:03.710455 -> 2026-07-06 09:00:03.710455)
No price data for AAVM (tried AAVM)
$AAXJ: possibly delisted; no price data found  (1d 2026-05-07 09:00:03.710455 -> 2026-07-06 09:00:03.710455)

1 Failed download:
['AAXJ']: possibly delisted; no price data found  (1d 2026-05-07 09:00:03.710455 -> 2026-07-06 09:00:03.710455)
No price data for AAXJ (tried AAXJ)
$ABAT: possibly delisted; no price data found  (1d 2026-05-07 09:00:03.710455 -> 2026-07-06 09:00:03.710455)

1 Failed download:
['ABAT']: possibly delisted; no price data found  (1d 2026-05-07 09:00:03.710455 -> 2026-07-06 09:00:03.710455)
No price data for ABAT (tried ABAT)
ERROR: 2026-07-06 09:14:34.176394: Weekly optimization failed - No price data downloaded for any ticker
