2026-07-06 10:00:01,082 - INFO - ============================================================
2026-07-06 10:00:01,082 - INFO - COMPLETE SIGNAL OUTCOME + MODEL RETRAINING PIPELINE
2026-07-06 10:00:01,082 - INFO - Started at 2026-07-06 10:00:01.082403
2026-07-06 10:00:01,082 - INFO - ============================================================
2026-07-06 10:00:01,082 - INFO - 
============================================================
2026-07-06 10:00:01,082 - INFO - STEP: Collect Forward Returns
2026-07-06 10:00:01,082 - INFO - ============================================================
2026-07-06 10:03:01,088 - ERROR - ✗ Collect Forward Returns timed out after 180s
2026-07-06 10:03:01,088 - WARNING - Step 1 (Collect Forward Returns) failed - continuing with remaining steps
2026-07-06 10:03:01,088 - INFO - 
============================================================
2026-07-06 10:03:01,088 - INFO - STEP: Label Signal Outcomes
2026-07-06 10:03:01,088 - INFO - ============================================================
2026-07-06 10:03:01,179 - INFO - ✓ Label Signal Outcomes completed successfully
2026-07-06 10:03:01,179 - INFO - 
============================================================
2026-07-06 10:03:01,179 - INFO - STEP: Weekly Model Retraining
2026-07-06 10:03:01,179 - INFO - ============================================================
2026-07-06 10:03:03,047 - ERROR - ✗ Weekly Model Retraining failed with return code 1
2026-07-06 10:03:03,047 - ERROR - STDERR: 
2026-07-06 10:03:03,047 - WARNING - Step 3 (Weekly Model Retraining) failed - continuing with remaining steps
2026-07-06 10:03:03,047 - INFO - 
============================================================
2026-07-06 10:03:03,047 - INFO - STEP: Model Performance Monitoring
2026-07-06 10:03:03,047 - INFO - ============================================================
2026-07-06 10:03:04,808 - INFO - ✓ Model Performance Monitoring completed successfully
2026-07-06 10:03:04,808 - INFO - 
============================================================
2026-07-06 10:03:04,808 - INFO - PIPELINE SUMMARY
2026-07-06 10:03:04,808 - INFO - ============================================================
2026-07-06 10:03:04,808 - INFO -   ✗ FAILED: Collect Forward Returns
2026-07-06 10:03:04,808 - INFO -   ✓ SUCCESS: Label Signal Outcomes
2026-07-06 10:03:04,808 - INFO -   ✗ FAILED: Weekly Model Retraining
2026-07-06 10:03:04,808 - INFO -   ✓ SUCCESS: Model Performance Monitoring
2026-07-06 10:03:04,808 - INFO - 
Completed: 2/4 steps
2026-07-06 10:03:04,808 - WARNING - ⚠ Some steps failed - check logs above
2026-07-06 10:03:04,808 - INFO - ============================================================
2026-07-06 10:03:04,808 - INFO - Finished at 2026-07-06 10:03:04.808807
2026-07-06 10:03:04,808 - INFO - ============================================================
